// Jest Snapshot v1, https://goo.gl/fbAQLP

exports[`Header renders correctly 1`] = `
<header
  className="jsx-9438985"
>
  <a
    className="jsx-9438985"
    href="/"
  >
    Teste Dev Frontend
  </a>
</header>
`;
