// Jest Snapshot v1, https://goo.gl/fbAQLP

exports[`Button renders correctly 1`] = `
<button
  className="jsx-1173346177"
  onClick={[Function]}
>
  btn
</button>
`;
