// Jest Snapshot v1, https://goo.gl/fbAQLP

exports[`Container renders correctly 1`] = `
<div
  className="jsx-3040147036 "
>
  <div>
    teste
  </div>
</div>
`;
